2026-08-18 16:47:50.099: [INFO] CurrentProfilePath: C:\Users\20231204010050\Desktop\pi\.metadata\.plugins\org.eclipse.swt\EBWebView\Default
2026-08-18 16:47:50.099: [INFO] Profiles total count: 1
2026-08-18 16:47:50.099: [INFO] Profile: name=Perfil 1 path=C:\Users\20231204010050\Desktop\pi\.metadata\.plugins\org.eclipse.swt\EBWebView\Default lastActive=null
2026-08-18 16:47:50.099: [INFO] LastUsedProfileDir: C:\Users\20231204010050\Desktop\pi\.metadata\.plugins\org.eclipse.swt\EBWebView\Default
2026-08-18 16:47:50.099: [INFO] OnDoneLoading sync enabled: 0
2026-08-18 16:47:50.099: [INFO] BookmarkModelLoaded, ids_reassigned: 0
2026-08-18 16:47:50.099: [INFO] BookmarksLoadDropped droppedNodes=0
2026-08-18 16:47:50.099: [INFO] BookmarksSnapshot Startup total=0 bar=0 other=0 mobile=0 showBar=0 showBarNTP=1
2026-08-18 16:47:54.216: [INFO] BookmarksSnapshot Shutdown total=0 bar=0 other=0 mobile=0 showBar=0 showBarNTP=1
2026-08-18 16:47:58.772: [INFO] CurrentProfilePath: C:\Users\20231204010050\Desktop\pi\.metadata\.plugins\org.eclipse.swt\EBWebView\Default
2026-08-18 16:47:58.772: [INFO] Profiles total count: 1
2026-08-18 16:47:58.772: [INFO] Profile: name=Perfil 1 path=C:\Users\20231204010050\Desktop\pi\.metadata\.plugins\org.eclipse.swt\EBWebView\Default lastActive=2026-08-18T16:47:50.758Z
2026-08-18 16:47:58.772: [INFO] LastUsedProfileDir: C:\Users\20231204010050\Desktop\pi\.metadata\.plugins\org.eclipse.swt\EBWebView\Default
2026-08-18 16:47:58.772: [INFO] MostRecentlyActiveProfile: name=Perfil 1 path=C:\Users\20231204010050\Desktop\pi\.metadata\.plugins\org.eclipse.swt\EBWebView\Default lastActive=2026-08-18T16:47:50.758Z
2026-08-18 16:47:58.772: [INFO] OnDoneLoading sync enabled: 0
2026-08-18 16:47:58.772: [INFO] BookmarkModelLoaded, ids_reassigned: 0
2026-08-18 16:47:58.772: [INFO] BookmarksLoadDropped droppedNodes=0
2026-08-18 16:47:58.772: [INFO] BookmarksSnapshot Startup total=0 bar=0 other=0 mobile=0 showBar=0 showBarNTP=1
2026-08-18 16:49:23.841: [INFO] BookmarksSnapshot Shutdown total=0 bar=0 other=0 mobile=0 showBar=0 showBarNTP=1
2026-08-18 17:19:34.914: [INFO] CurrentProfilePath: C:\Users\20231204010050\Desktop\pi\.metadata\.plugins\org.eclipse.swt\EBWebView\Default
2026-08-18 17:19:34.914: [INFO] Profiles total count: 1
2026-08-18 17:19:34.914: [INFO] Profile: name=Perfil 1 path=C:\Users\20231204010050\Desktop\pi\.metadata\.plugins\org.eclipse.swt\EBWebView\Default lastActive=2026-08-18T16:49:20.838Z
2026-08-18 17:19:34.914: [INFO] LastUsedProfileDir: C:\Users\20231204010050\Desktop\pi\.metadata\.plugins\org.eclipse.swt\EBWebView\Default
2026-08-18 17:19:34.914: [INFO] MostRecentlyActiveProfile: name=Perfil 1 path=C:\Users\20231204010050\Desktop\pi\.metadata\.plugins\org.eclipse.swt\EBWebView\Default lastActive=2026-08-18T16:49:20.838Z
2026-08-18 17:19:34.914: [INFO] OnDoneLoading sync enabled: 0
2026-08-18 17:19:34.914: [INFO] BookmarkModelLoaded, ids_reassigned: 0
2026-08-18 17:19:34.914: [INFO] BookmarksLoadDropped droppedNodes=0
2026-08-18 17:19:34.914: [INFO] BookmarksSnapshot Startup total=0 bar=0 other=0 mobile=0 showBar=0 showBarNTP=1
2026-08-18 17:19:37.411: [INFO] BookmarksSnapshot Shutdown total=0 bar=0 other=0 mobile=0 showBar=0 showBarNTP=1
2026-08-18 17:21:50.974: [INFO] CurrentProfilePath: C:\Users\20231204010050\Desktop\pi\.metadata\.plugins\org.eclipse.swt\EBWebView\Default
2026-08-18 17:21:50.974: [INFO] Profiles total count: 1
2026-08-18 17:21:50.975: [INFO] Profile: name=Perfil 1 path=C:\Users\20231204010050\Desktop\pi\.metadata\.plugins\org.eclipse.swt\EBWebView\Default lastActive=2026-08-18T16:49:20.838Z
2026-08-18 17:21:50.975: [INFO] LastUsedProfileDir: C:\Users\20231204010050\Desktop\pi\.metadata\.plugins\org.eclipse.swt\EBWebView\Default
2026-08-18 17:21:50.975: [INFO] MostRecentlyActiveProfile: name=Perfil 1 path=C:\Users\20231204010050\Desktop\pi\.metadata\.plugins\org.eclipse.swt\EBWebView\Default lastActive=2026-08-18T16:49:20.838Z
2026-08-18 17:21:50.975: [INFO] OnDoneLoading sync enabled: 0
2026-08-18 17:21:50.975: [INFO] BookmarkModelLoaded, ids_reassigned: 0
2026-08-18 17:21:50.975: [INFO] BookmarksLoadDropped droppedNodes=0
2026-08-18 17:21:50.975: [INFO] BookmarksSnapshot Startup total=0 bar=0 other=0 mobile=0 showBar=0 showBarNTP=1
2026-08-18 17:27:21.137: [INFO] BookmarksSnapshot Shutdown total=0 bar=0 other=0 mobile=0 showBar=0 showBarNTP=1
2026-08-24 11:16:19.535: [INFO] CurrentProfilePath: C:\Users\20231204010050\Desktop\pi\.metadata\.plugins\org.eclipse.swt\EBWebView\Default
2026-08-24 11:16:19.535: [INFO] Profiles total count: 1
2026-08-24 11:16:19.535: [INFO] Profile: name=Perfil 1 path=C:\Users\20231204010050\Desktop\pi\.metadata\.plugins\org.eclipse.swt\EBWebView\Default lastActive=2026-08-18T16:49:20.838Z
2026-08-24 11:16:19.535: [INFO] LastUsedProfileDir: C:\Users\20231204010050\Desktop\pi\.metadata\.plugins\org.eclipse.swt\EBWebView\Default
2026-08-24 11:16:19.535: [INFO] MostRecentlyActiveProfile: name=Perfil 1 path=C:\Users\20231204010050\Desktop\pi\.metadata\.plugins\org.eclipse.swt\EBWebView\Default lastActive=2026-08-18T16:49:20.838Z
2026-08-24 11:16:19.535: [INFO] OnDoneLoading sync enabled: 0
2026-08-24 11:16:19.535: [INFO] BookmarkModelLoaded, ids_reassigned: 0
2026-08-24 11:16:19.535: [INFO] BookmarksLoadDropped droppedNodes=0
2026-08-24 11:16:19.535: [INFO] BookmarksSnapshot Startup total=0 bar=0 other=0 mobile=0 showBar=0 showBarNTP=1
2026-08-24 11:16:23.345: [INFO] BookmarksSnapshot Shutdown total=0 bar=0 other=0 mobile=0 showBar=0 showBarNTP=1
2026-08-24 11:25:50.924: [INFO] CurrentProfilePath: C:\Users\20231204010050\Desktop\pi\.metadata\.plugins\org.eclipse.swt\EBWebView\Default
2026-08-24 11:25:50.924: [INFO] Profiles total count: 1
2026-08-24 11:25:50.924: [INFO] Profile: name=Perfil 1 path=C:\Users\20231204010050\Desktop\pi\.metadata\.plugins\org.eclipse.swt\EBWebView\Default lastActive=2026-08-18T16:49:20.838Z
2026-08-24 11:25:50.924: [INFO] LastUsedProfileDir: C:\Users\20231204010050\Desktop\pi\.metadata\.plugins\org.eclipse.swt\EBWebView\Default
2026-08-24 11:25:50.924: [INFO] MostRecentlyActiveProfile: name=Perfil 1 path=C:\Users\20231204010050\Desktop\pi\.metadata\.plugins\org.eclipse.swt\EBWebView\Default lastActive=2026-08-18T16:49:20.838Z
2026-08-24 11:25:50.924: [INFO] OnDoneLoading sync enabled: 0
2026-08-24 11:25:50.924: [INFO] BookmarkModelLoaded, ids_reassigned: 0
2026-08-24 11:25:50.924: [INFO] BookmarksLoadDropped droppedNodes=0
2026-08-24 11:25:50.924: [INFO] BookmarksSnapshot Startup total=0 bar=0 other=0 mobile=0 showBar=0 showBarNTP=1
2026-08-24 11:25:52.170: [INFO] CurrentProfilePath: C:\Users\20231204010050\Desktop\pi\.metadata\.plugins\org.eclipse.swt\EBWebView\Default
2026-08-24 11:25:52.170: [INFO] Profiles total count: 1
2026-08-24 11:25:52.170: [INFO] Profile: name=Perfil 1 path=C:\Users\20231204010050\Desktop\pi\.metadata\.plugins\org.eclipse.swt\EBWebView\Default lastActive=2026-08-18T16:49:20.838Z
2026-08-24 11:25:52.170: [INFO] LastUsedProfileDir: C:\Users\20231204010050\Desktop\pi\.metadata\.plugins\org.eclipse.swt\EBWebView\Default
2026-08-24 11:25:52.170: [INFO] MostRecentlyActiveProfile: name=Perfil 1 path=C:\Users\20231204010050\Desktop\pi\.metadata\.plugins\org.eclipse.swt\EBWebView\Default lastActive=2026-08-18T16:49:20.838Z
2026-08-24 11:25:52.170: [INFO] OnDoneLoading sync enabled: 0
2026-08-24 11:25:52.171: [INFO] BookmarkModelLoaded, ids_reassigned: 0
2026-08-24 11:25:52.171: [INFO] BookmarksLoadDropped droppedNodes=0
2026-08-24 11:25:52.171: [INFO] BookmarksSnapshot Startup total=0 bar=0 other=0 mobile=0 showBar=0 showBarNTP=1
2026-08-24 11:25:55.631: [INFO] BookmarksSnapshot Shutdown total=0 bar=0 other=0 mobile=0 showBar=0 showBarNTP=1
2026-08-24 11:26:03.470: [INFO] CurrentProfilePath: C:\Users\20231204010050\Desktop\pi\.metadata\.plugins\org.eclipse.swt\EBWebView\Default
2026-08-24 11:26:03.471: [INFO] Profiles total count: 1
2026-08-24 11:26:03.471: [INFO] Profile: name=Perfil 1 path=C:\Users\20231204010050\Desktop\pi\.metadata\.plugins\org.eclipse.swt\EBWebView\Default lastActive=2026-08-18T16:49:20.838Z
2026-08-24 11:26:03.471: [INFO] LastUsedProfileDir: C:\Users\20231204010050\Desktop\pi\.metadata\.plugins\org.eclipse.swt\EBWebView\Default
2026-08-24 11:26:03.471: [INFO] MostRecentlyActiveProfile: name=Perfil 1 path=C:\Users\20231204010050\Desktop\pi\.metadata\.plugins\org.eclipse.swt\EBWebView\Default lastActive=2026-08-18T16:49:20.838Z
2026-08-24 11:26:03.471: [INFO] OnDoneLoading sync enabled: 0
2026-08-24 11:26:03.471: [INFO] BookmarkModelLoaded, ids_reassigned: 0
2026-08-24 11:26:03.471: [INFO] BookmarksLoadDropped droppedNodes=0
2026-08-24 11:26:03.471: [INFO] BookmarksSnapshot Startup total=0 bar=0 other=0 mobile=0 showBar=0 showBarNTP=1
2026-08-24 11:26:07.942: [INFO] BookmarksSnapshot Shutdown total=0 bar=0 other=0 mobile=0 showBar=0 showBarNTP=1
